a
abilities
accepted
adventure
adventurers
Adventurers'
After
against
allies
an
ancient
and
any
Armed
artifact
artifacts
As
at
back
before
Begins
bid
book
brave
bravery
brought
bustling
by
cast
Cedric
Chapter
claim
commonplace
contain
courage
creatures
cunning
defeat
dragon
Dragons
Dungeon
dusty
eagerly
elf
Elrond
emerged
endless
enjoying
entered
evening
ever
experience
explained
explore
faced
farewell
fearsome
fierce
filled
finding
first
flipped
friends
friendship
from
glowing
greeted
group
guarding
Guild
had
Harry
Harry's
He
hesitation
him
himself
his
hoard
Hogwarts
in
incredible
intricate
intrigued
invaluable
invited
its
join
journey
knight
labyrinth
library
Lila
magic
magical
managed
materialized
medieval
Mysterious
mythical
named
new
newfound
now
of
off
on
Other
pages
perilous
Portal
Portals
possibilities
Potter
powerful
protect
proved
puzzles
Quest
quiet
realm
Realms
Restricted
Return
returned
rogue
rumored
seasoned
Section
seen
set
Sir
solve
spells
stepped
stumbled
symbol
taught
teamwork
that
The
Their
They
through
Title
titled
to
Together
tome
town
traps
treasure
treasures
Trials
triumphant
Triumphs
unlike
upon
value
wand
was
were
when
where
wise
With
Without
wizard
wizards
world
